GNU gdb (GDB) 17.2
Copyright (C) 2025 Free Software Foundation, Inc.
License GPLv3+: GNU GPL version 3 or later <http://gnu.org/licenses/gpl.html>
This is free software: you are free to change and redistribute it.
There is NO WARRANTY, to the extent permitted by law.
Type "show copying" and "show warranty" for details.
This GDB was configured as "x86_64-pc-linux-gnu".
Type "show configuration" for configuration details.
For bug reporting instructions, please see:
<https://www.gnu.org/software/gdb/bugs/>.
Find the GDB manual and other documentation resources online at:
    <http://www.gnu.org/software/gdb/documentation/>.

For help, type "help".
Type "apropos word" to search for commands related to "word".
[New LWP 1980874]
[New LWP 1980873]
[New LWP 1980572]
[New LWP 1980478]
[New LWP 1980477]
[New LWP 1980476]
[New LWP 1980475]
[New LWP 1980474]
[New LWP 1980473]
[New LWP 1980472]
[New LWP 1980471]
[New LWP 1980470]
[New LWP 1980469]
[New LWP 1980468]
[New LWP 1980467]
[New LWP 1980466]
[New LWP 1980465]
[New LWP 1980464]

This GDB supports auto-downloading debuginfo from the following URLs:
  <https://debuginfod.archlinux.org>
Enable debuginfod for this session? (y or [n]) [answered N; input not from terminal]
Debuginfod has been disabled.
To make this setting permanent, add 'set debuginfod enabled off' to .gdbinit.
[Thread debugging using libthread_db enabled]
Using host libthread_db library "/usr/lib/libthread_db.so.1".
0x00007f43042a0952 in ?? () from /usr/lib/libc.so.6

Stack backtrace
---------------
No symbol table info available.
#1  0x00007f4304294cd9 in ?? () from /usr/lib/libc.so.6
No symbol table info available.
#2  0x00007f4304297762 in pthread_cond_timedwait () from /usr/lib/libc.so.6
No symbol table info available.
#3  0x00007f4304784264 in ?? () from /usr/lib/libpython3.14.so.1.0
No symbol table info available.
#4  0x00007f43048aa7ca in ?? () from /usr/lib/libpython3.14.so.1.0
No symbol table info available.
#5  0x00007f430493c331 in _PyParkingLot_Park ()
   from /usr/lib/libpython3.14.so.1.0
No symbol table info available.
#6  0x00007f43048ddfce in _PyMutex_LockTimed ()
   from /usr/lib/libpython3.14.so.1.0
No symbol table info available.
#7  0x00007f4304916c17 in ?? () from /usr/lib/libpython3.14.so.1.0
No symbol table info available.
#8  0x00007f43047e0734 in ?? () from /usr/lib/libpython3.14.so.1.0
No symbol table info available.
#9  0x00007f4304669935 in ?? () from /usr/lib/libpython3.14.so.1.0
No symbol table info available.
#10 0x00007f43047b9172 in ?? () from /usr/lib/libpython3.14.so.1.0
No symbol table info available.
#11 0x00007f43048bc2a4 in PyEval_EvalCode () from /usr/lib/libpython3.14.so.1.0
No symbol table info available.
#12 0x00007f430490571f in ?? () from /usr/lib/libpython3.14.so.1.0
No symbol table info available.
#13 0x00007f4304905d7e in ?? () from /usr/lib/libpython3.14.so.1.0
No symbol table info available.
#14 0x00007f4304904dfb in ?? () from /usr/lib/libpython3.14.so.1.0
No symbol table info available.
#15 0x00007f4304904c07 in ?? () from /usr/lib/libpython3.14.so.1.0
No symbol table info available.
#16 0x00007f43048a9fde in Py_RunMain () from /usr/lib/libpython3.14.so.1.0
No symbol table info available.
#17 0x00007f43048a3efc in Py_BytesMain () from /usr/lib/libpython3.14.so.1.0
No symbol table info available.
#18 0x00007f4304227781 in ?? () from /usr/lib/libc.so.6
No symbol table info available.
#19 0x00007f43042278b9 in __libc_start_main () from /usr/lib/libc.so.6
No symbol table info available.
#20 0x000055d3aa8bd045 in _start ()
No symbol table info available.


Cython backtrace
----------------
#0  0x0000000000000000 in ?? ()
#1  0x0000000000000000 in ?? ()
#2  0x00007f43042975e0 in pthread_cond_timedwait ()
#3  0x0000000000000000 in ?? ()
#4  0x0000000000000000 in ?? ()
#5  0x00007f430493c1e0 in _PyParkingLot_Park ()
#6  0x00007f43048ddea0 in _PyMutex_LockTimed ()
#7  0x0000000000000000 in ?? ()
#8  0x0000000000000000 in ?? ()
#9  0x0000000000000000 in ?? ()
#10 0x0000000000000000 in ?? ()
#11 0x00007f43048bc1f0 in PyEval_EvalCode ()
#12 0x0000000000000000 in ?? ()
#13 0x0000000000000000 in ?? ()
#14 0x0000000000000000 in ?? ()
#15 0x0000000000000000 in ?? ()
#16 0x00007f43048a9cc0 in Py_RunMain ()
#17 0x00007f43048a3ec0 in Py_BytesMain ()
#18 0x0000000000000000 in ?? ()
#19 0x00007f4304227830 in __libc_start_main ()
#20 0x000055d3aa8bd020 in _start ()

[Inferior 1 (process 1980432) detached]
